// Jest Snapshot v1, https://goo.gl/fbAQLP

exports[`App component renders App 1`] = `
<DocumentFragment>
  <div>
    <form>
      <label
        for="url"
      >
        URL
      </label>
      <input
        id="url"
        name="url"
        type="text"
        value=""
      />
      <textarea
        name="body"
      />
      <label>
        Method
      </label>
      <input
        name="method"
        type="radio"
        value="GET"
      />
      <input
        checked=""
        name="method"
        type="radio"
        value="POST"
      />
      <input
        name="method"
        type="radio"
        value="PUT"
      />
      <input
        name="method"
        type="radio"
        value="DELETE"
      />
      <button>
        Go
      </button>
    </form>
    <div />
    <div>
      History page
    </div>
  </div>
</DocumentFragment>
`;
